Microchip MPLAB XC8 Compiler V2.41

Linker command line:

-W-3 \
  --edf=C:\Program Files\Microchip\xc8\v2.41\pic\dat\20230208172133_en.msgs \
  -cn -h+dist/default/production\LCD_TEST.X.production.sym \
  --cmf=dist/default/production\LCD_TEST.X.production.cmf -z -Q18F25K50 \
  -oC:\Users\TRABAJO\AppData\Local\Temp\xcAs1ug.\driver_tmp_3.o \
  --defsym=__MPLAB_BUILD=1 --fixupoverflow=error \
  -Mdist/default/production/LCD_TEST.X.production.map \
  --md=C:\Users\TRABAJO\AppData\Local\Temp\xcAs1ug.\driver_tmp_0.dat -E1 \
  -ver=XC8 Compiler --acfsm=1493 -ACODE=00h-07FFFh -ACONST=00h-07FFFh \
  -ASMALLCONST=0800h-08FFhx120 -AMEDIUMCONST=0800h-07FFFh -ACOMRAM=01h-05Fh \
  -AABS1=00h-07FFh -ABIGRAM=01h-07FFh -ARAM=060h-0FFh,0100h-01FFhx7 \
  -ABANK0=060h-0FFh -ABANK1=0100h-01FFh -ABANK2=0200h-02FFh \
  -ABANK3=0300h-03FFh -ABANK4=0400h-04FFh -ABANK5=0500h-05FFh \
  -ABANK6=0600h-06FFh -ABANK7=0700h-07FFh -ASFR=0F53h-0F5Fh,0F60h-0FFFh \
  -ABIGSFR=0F53h-0FFFh -ACONFIG=0300000h-030000Dh -AIDLOC=0200000h-0200007h \
  -AEEDATA=0F00000h-0F000FFh -peeprom_data=EEDATA \
  -preset_vec=00h,intcode,intcodelo,powerup,init -pramtop=0800h \
  -psmallconst=SMALLCONST -pmediumconst=MEDIUMCONST -pconst=CONST \
  -AFARRAM=00h-00h \
  -prdata=COMRAM,nvrram=COMRAM,nvbit=COMRAM,rbss=COMRAM,rbit=COMRAM \
  -pfarbss=FARRAM,fardata=FARRAM,nvFARRAM=FARRAM \
  -pintsave_regs=BIGRAM,bigbss=BIGRAM,bigdata=BIGRAM -pbss=RAM \
  -pidata=CODE,irdata=CODE,ibigdata=CODE,ifardata=CODE -prparam=COMRAM \
  C:\Users\TRABAJO\AppData\Local\Temp\xcAs1ug.\driver_tmp_9.o \
  dist/default/production\LCD_TEST.X.production.o 

Object code version is 3.11

Machine type is 18F25K50



                Name                               Link     Load   Length Selector   Space Scale
C:\Users\TRABAJO\AppData\Local\Temp\xcAs1ug.\driver_tmp_9.o
                idloc                            200000   200000        8        0       5
                config                           300000   300000        E        0       4
                init                                  0        0        4        0       0
dist/default/production\LCD_TEST.X.production.o
                idloc                            200000   200000        8        0       5
                config                           300000   300000        E        0       4
                smallconst                          800      800        E      400       0
                text5                               EE4      EE4       4E      407       0
                text4                               E72      E72       72      407       0
                text3                               F32      F32       4C      407       0
                text2                               CC6      CC6      12C      407       0
                text1                               DF2      DF2       80      407       0
                text0                               80E      80E      4B8      407       0
                cstackCOMRAM                         46       46        C        1       1
                dataCOMRAM                            1        1       45        1       1
                bssCOMRAM                            52       52        3        1       1
                cinit                               FC4      FC4       30      7E2       0
                nvCOMRAM                             55       55        1        1       1
                idataCOMRAM                         F7E      F7E       45      407       0

TOTAL           Name                               Link     Load   Length     Space
        CLASS   CODE           
                init                                  0        0        4         0
                text5                               EE4      EE4       4E         0
                text4                               E72      E72       72         0
                text3                               F32      F32       4C         0
                text2                               CC6      CC6      12C         0
                text1                               DF2      DF2       80         0
                text0                               80E      80E      4B8         0
                cinit                               FC4      FC4       30         0
                idataCOMRAM                         F7E      F7E       45         0

        CLASS   CONST          

        CLASS   SMALLCONST     
                smallconst                          800      800        E         0

        CLASS   MEDIUMCONST    

        CLASS   COMRAM         
                cstackCOMRAM                         46       46        C         1
                dataCOMRAM                            1        1       45         1
                bssCOMRAM                            52       52        3         1
                nvCOMRAM                             55       55        1         1

        CLASS   ABS1           

        CLASS   BIGRAM         

        CLASS   RAM            

        CLASS   BANK0          

        CLASS   BANK1          

        CLASS   BANK2          

        CLASS   BANK3          

        CLASS   BANK4          

        CLASS   BANK5          

        CLASS   BANK6          

        CLASS   BANK7          

        CLASS   SFR            

        CLASS   BIGSFR         

        CLASS   CONFIG         
                config                           300000   300000        E         4

        CLASS   IDLOC          
                idloc                            200000   200000        8         5

        CLASS   EEDATA         

        CLASS   FARRAM         

        CLASS   HEAP           

        CLASS   STACK          



SEGMENTS        Name                           Load    Length   Top    Selector   Space  Class

                reset_vec                      000000  000004  000004         0       0  CODE    
                dataCOMRAM                     000001  000055  000056         1       1  COMRAM  
                smallconst                     000800  00000E  00080E       400       0  SMALLCON
                text0                          00080E  0007B5  000FC3       407       0  CODE    
                cinit                          000FC4  000030  000FF4       7E2       0  CODE    


UNUSED ADDRESS RANGES

        Name                Unused          Largest block    Delta
        BANK0            000060-0000FF               A0
        BANK1            000100-0001FF              100
        BANK2            000200-0002FF              100
        BANK3            000300-0003FF              100
        BANK4            000400-0004FF              100
        BANK5            000500-0005FF              100
        BANK6            000600-0006FF              100
        BANK7            000700-0007FF              100
        BIGRAM           000056-0007FF              7AA
        BIGSFR           000F53-000FFF               AD
        CODE             000004-0007FF              7FC
                         000FC3-000FC3                1
                         000FF4-007FFF             700C
        COMRAM           000056-00005F                A
        CONST            000004-0007FF              7FC
                         000FC3-000FC3                1
                         000FF4-007FFF             700C
        EEDATA           F00000-F000FF              100
        MEDIUMCONST      000FC3-000FC3                1
                         000FF4-007FFF             700C
        RAM              000060-0007FF              100
        SFR              000F53-000FFF                D
        SMALLCONST       000FC3-000FC3                1
                         000FF4-007FFF              100

                                  Symbol Table

LCD_CustomChar@c         cstackCOMRAM 00004A
LCD_CustomChar@i         cstackCOMRAM 00004C
LCD_CustomChar@pt        cstackCOMRAM 000048
LCD_Text@pt              cstackCOMRAM 000048
LCD_Text@text            cstackCOMRAM 00004A
LCD_Write@mode           cstackCOMRAM 000046
LCD_Write@value          cstackCOMRAM 000047
_C1                      dataCOMRAM   00003F
_C2                      dataCOMRAM   000038
_C3                      dataCOMRAM   000031
_LATAbits                (abs)        000F89
_LCD_Busy                text5        000EE4
_LCD_CustomChar          text3        000F32
_LCD_Init                text2        000CC6
_LCD_Text                text1        000DF2
_LCD_Write               text4        000E72
_LCD_busy_cnt            nvCOMRAM     000055
_LCD_data                bssCOMRAM    000054
_PORTAbits               (abs)        000F80
_TRISA                   (abs)        000F92
_TRISAbits               (abs)        000F92
__HRAM                   (abs)        000000
__H__absolute__          __absolute__ 000000
__Habs1                  abs1         000000
__Hbank0                 bank0        000000
__Hbank1                 bank1        000000
__Hbank2                 bank2        000000
__Hbank3                 bank3        000000
__Hbank4                 bank4        000000
__Hbank5                 bank5        000000
__Hbank6                 bank6        000000
__Hbank7                 bank7        000000
__Hbigbss                bigbss       000000
__Hbigdata               bigdata      000000
__Hbigram                bigram       000000
__Hbigsfr                bigsfr       000000
__Hbss                   bss          000000
__HbssCOMRAM             bssCOMRAM    000000
__Hcinit                 cinit        000000
__Hclrtext               clrtext      000000
__Hcomram                comram       000000
__Hconfig                config       30000E
__Hconst                 const        000000
__HcstackCOMRAM          cstackCOMRAM 000000
__Hdata                  data         000000
__HdataCOMRAM            dataCOMRAM   000000
__Heeprom_data           eeprom_data  000000
__Hfarbss                farbss       000000
__Hfardata               fardata      000000
__Hheap                  heap         000000
__Hibigdata              ibigdata     000000
__Hidata                 idata        000000
__HidataCOMRAM           idataCOMRAM  000000
__Hidloc                 idloc        200008
__Hifardata              ifardata     000000
__Hinit                  init         000004
__Hintcode               intcode      000000
__Hintcode_body          intcode_body 000000
__Hintcodelo             intcodelo    000000
__Hintentry              intentry     000000
__Hintret                intret       000000
__Hintsave_regs          intsave_regs 000000
__Hirdata                irdata       000000
__Hmediumconst           mediumconst  000000
__HnvCOMRAM              nvCOMRAM     000000
__HnvFARRAM              nvFARRAM     000000
__Hnvbit                 nvbit        000000
__Hnvrram                nvrram       000000
__Hparam                 rparam       000000
__Hpowerup               powerup      000000
__Hram                   ram          000000
__Hramtop                ramtop       000800
__Hrbit                  rbit         000000
__Hrbss                  rbss         000000
__Hrdata                 rdata        000000
__Hreset_vec             reset_vec    000000
__Hrparam                rparam       000000
__Hsfr                   sfr          000000
__Hsmallconst            smallconst   00080E
__Hspace_0               (abs)        000FF4
__Hspace_1               (abs)        000056
__Hspace_2               (abs)        000000
__Hspace_4               (abs)        60000E
__Hstack                 stack        000000
__Hstruct                struct       000000
__Htemp                  temp         000000
__Htext                  text         000000
__Htext0                 text0        000000
__Htext1                 text1        000000
__Htext2                 text2        000000
__Htext3                 text3        000000
__Htext4                 text4        000000
__Htext5                 text5        000000
__LRAM                   (abs)        000001
__L__absolute__          __absolute__ 000000
__Labs1                  abs1         000000
__Lbank0                 bank0        000000
__Lbank1                 bank1        000000
__Lbank2                 bank2        000000
__Lbank3                 bank3        000000
__Lbank4                 bank4        000000
__Lbank5                 bank5        000000
__Lbank6                 bank6        000000
__Lbank7                 bank7        000000
__Lbigbss                bigbss       000000
__Lbigdata               bigdata      000000
__Lbigram                bigram       000000
__Lbigsfr                bigsfr       000000
__Lbss                   bss          000000
__LbssCOMRAM             bssCOMRAM    000000
__Lcinit                 cinit        000000
__Lclrtext               clrtext      000000
__Lcomram                comram       000000
__Lconfig                config       000000
__Lconst                 const        000000
__LcstackCOMRAM          cstackCOMRAM 000000
__Ldata                  data         000000
__LdataCOMRAM            dataCOMRAM   000000
__Leeprom_data           eeprom_data  000000
__Lfarbss                farbss       000000
__Lfardata               fardata      000000
__Lheap                  heap         000000
__Libigdata              ibigdata     000000
__Lidata                 idata        000000
__LidataCOMRAM           idataCOMRAM  000000
__Lidloc                 idloc        000000
__Lifardata              ifardata     000000
__Linit                  init         000000
__Lintcode               intcode      000000
__Lintcode_body          intcode_body 000000
__Lintcodelo             intcodelo    000000
__Lintentry              intentry     000000
__Lintret                intret       000000
__Lintsave_regs          intsave_regs 000000
__Lirdata                irdata       000000
__Lmediumconst           mediumconst  000000
__LnvCOMRAM              nvCOMRAM     000000
__LnvFARRAM              nvFARRAM     000000
__Lnvbit                 nvbit        000000
__Lnvrram                nvrram       000000
__Lparam                 rparam       000000
__Lpowerup               powerup      000000
__Lram                   ram          000000
__Lramtop                ramtop       000800
__Lrbit                  rbit         000000
__Lrbss                  rbss         000000
__Lrdata                 rdata        000000
__Lreset_vec             reset_vec    000000
__Lrparam                rparam       000000
__Lsfr                   sfr          000000
__Lsmallconst            smallconst   000800
__Lspace_0               (abs)        000000
__Lspace_1               (abs)        000000
__Lspace_2               (abs)        000000
__Lspace_4               (abs)        000000
__Lstack                 stack        000000
__Lstruct                struct       000000
__Ltemp                  temp         000000
__Ltext                  text         000000
__Ltext0                 text0        000000
__Ltext1                 text1        000000
__Ltext2                 text2        000000
__Ltext3                 text3        000000
__Ltext4                 text4        000000
__Ltext5                 text5        000000
__S0                     (abs)        000FF4
__S1                     (abs)        000056
__S4                     (abs)        000000
__S5                     (abs)        000000
___heap_hi               (abs)        000000
___heap_lo               (abs)        000000
___inthi_sp              stack        000000
___intlo_sp              stack        000000
___param_bank            (abs)        000000
___rparam_used           (abs)        000001
___sp                    stack        000000
__accesstop              (abs)        000060
__activetblptr           (abs)        000002
__displaycontrol         bssCOMRAM    000053
__displaymode            bssCOMRAM    000052
__end_of_LCD_Busy        text5        000F32
__end_of_LCD_CustomChar  text3        000F7E
__end_of_LCD_Init        text2        000DF2
__end_of_LCD_Text        text1        000E72
__end_of_LCD_Write       text4        000EE4
__end_of__initialization cinit        000FEA
__end_of_main            text0        000CC6
__initialization         cinit        000FC4
__mediumconst            mediumconst  000000
__pbssCOMRAM             bssCOMRAM    000052
__pcinit                 cinit        000FC4
__pcstackCOMRAM          cstackCOMRAM 000046
__pdataCOMRAM            dataCOMRAM   000001
__pidataCOMRAM           idataCOMRAM  000F7E
__pnvCOMRAM              nvCOMRAM     000055
__psmallconst            smallconst   000800
__ptext0                 text0        00080E
__ptext1                 text1        000DF2
__ptext2                 text2        000CC6
__ptext3                 text3        000F32
__ptext4                 text4        000E72
__ptext5                 text5        000EE4
__ramtop                 ramtop       000800
__smallconst             smallconst   000800
_cont                    dataCOMRAM   000027
_displaybf               dataCOMRAM   000023
_main                    text0        00080E
_msg1                    dataCOMRAM   00000D
_msg2                    dataCOMRAM   000001
_msg3                    dataCOMRAM   000028
_msg4                    dataCOMRAM   00001E
_msg5                    dataCOMRAM   000018
end_of_initialization    cinit        000FEA
intlevel0                text         000000
intlevel1                text         000000
intlevel2                text         000000
intlevel3                text         000000
isa$std                  (abs)        000001
isa$xinst                (abs)        000000
main@i                   cstackCOMRAM 000051
main@j                   cstackCOMRAM 000050
main@valid               cstackCOMRAM 00004F
stackhi                  (abs)        000000
stacklo                  (abs)        000000
start                    init         000000
start_initialization     cinit        000FC4


MODULE INFORMATION

Module		Function		Class		Link	Load	Size
./LCD_16x2.h
		_LCD_Init      		CODE           	0CC6	0000	300
		_LCD_Busy      		CODE           	0EE4	0000	78
		_LCD_Text      		CODE           	0DF2	0000	128
		_LCD_CustomChar		CODE           	0F32	0000	76
		_LCD_Write     		CODE           	0E72	0000	114

./LCD_16x2.h estimated size: 696

shared
		__initialization		CODE           	0FC4	0000	38

shared estimated size: 38

main.c
		_main          		CODE           	080E	0000	1208

main.c estimated size: 1208

